#
# There is insufficient memory for the Java Runtime Environment to continue.
# Native memory allocation (malloc) failed to allocate 2052656 bytes for Chunk::new
# Possible reasons:
#   The system is out of physical RAM or swap space
#   The process is running with CompressedOops enabled, and the Java Heap may be blocking the growth of the native heap
# Possible solutions:
#   Reduce memory load on the system
#   Increase physical memory or swap space
#   Check if swap backing store is full
#   Decrease Java heap size (-Xmx/-Xms)
#   Decrease number of Java threads
#   Decrease Java thread stack sizes (-Xss)
#   Set larger code cache with -XX:ReservedCodeCacheSize=
#   JVM is running with Zero Based Compressed Oops mode in which the Java heap is
#     placed in the first 32GB address space. The Java Heap base address is the
#     maximum limit for the native heap growth. Please use -XX:HeapBaseMinAddress
#     to set the Java Heap base and to place the Java Heap above 32GB virtual address.
# This output file may be truncated or incomplete.
#
#  Out of Memory Error (arena.cpp:189), pid=3908, tid=14152
#
# JRE version: OpenJDK Runtime Environment (17.0.6) (build 17.0.6+0-b2043.56-10027231)
# Java VM: OpenJDK 64-Bit Server VM (17.0.6+0-b2043.56-10027231, mixed mode, tiered, compressed oops, compressed class ptrs, g1 gc, windows-amd64)
# No core dump will be written. Minidumps are not enabled by default on client versions of Windows
#

---------------  S U M M A R Y ------------

Command Line: --add-opens=java.base/java.util=ALL-UNNAMED --add-opens=java.base/java.lang=ALL-UNNAMED --add-opens=java.base/java.lang.invoke=ALL-UNNAMED --add-opens=java.prefs/java.util.prefs=ALL-UNNAMED --add-opens=java.base/java.nio.charset=ALL-UNNAMED --add-opens=java.base/java.net=ALL-UNNAMED --add-opens=java.base/java.util.concurrent.atomic=ALL-UNNAMED -Xmx4G -Dfile.encoding=windows-1252 -Duser.country=IN -Duser.language=en -Duser.variant org.gradle.launcher.daemon.bootstrap.GradleDaemon 7.6.3

Host: Intel(R) Core(TM) i3-8145U CPU @ 2.10GHz, 4 cores, 7G,  Windows 10 , 64 bit Build 19041 (10.0.19041.3636)
Time: Tue Apr  9 23:20:28 2024 India Standard Time elapsed time: 25.161860 seconds (0d 0h 0m 25s)

---------------  T H R E A D  ---------------

Current thread (0x000002c047c36d50):  JavaThread "C2 CompilerThread0" daemon [_thread_in_native, id=14152, stack(0x000000c2a8300000,0x000000c2a8400000)]


Current CompileTask:
C2:  25161 8522       4       jdk.internal.loader.URLClassPath$JarLoader$2::getBytes (48 bytes)

Stack: [0x000000c2a8300000,0x000000c2a8400000]
Native frames: (J=compiled Java code, j=interpreted, Vv=VM code, C=native code)
V  [jvm.dll+0x683c9a]
V  [jvm.dll+0x8427a4]
V  [jvm.dll+0x843f9e]
V  [jvm.dll+0x844603]
V  [jvm.dll+0x249b75]
V  [jvm.dll+0xabcac]
V  [jvm.dll+0xac27c]
V  [jvm.dll+0x368802]
V  [jvm.dll+0x332f31]
V  [jvm.dll+0x3323da]
V  [jvm.dll+0x21c201]
V  [jvm.dll+0x21b621]
V  [jvm.dll+0x1a4fdd]
V  [jvm.dll+0x22b098]
V  [jvm.dll+0x229159]
V  [jvm.dll+0x7f81ec]
V  [jvm.dll+0x7f274a]
V  [jvm.dll+0x682ad5]
C  [ucrtbase.dll+0x21bb2]
C  [KERNEL32.DLL+0x17344]
C  [ntdll.dll+0x526b1]


---------------  P R O C E S S  ---------------

Threads class SMR info:
_java_thread_list=0x000002c04cafdda0, length=87, elements={
0x000002c0270a15b0, 0x000002c0471fca30, 0x000002c0471fe1d0, 0x000002c0471e59c0,
0x000002c0471e6480, 0x000002c047c33020, 0x000002c047c36490, 0x000002c047c36d50,
0x000002c047c37df0, 0x000002c047cba6d0, 0x000002c047db5020, 0x000002c047db9910,
0x000002c048dd0740, 0x000002c048884200, 0x000002c049384cc0, 0x000002c0496791e0,
0x000002c0495d3c00, 0x000002c0496f07c0, 0x000002c049481450, 0x000002c0489051e0,
0x000002c0489069f0, 0x000002c048904840, 0x000002c048904d10, 0x000002c048903ea0,
0x000002c048905b80, 0x000002c048906050, 0x000002c0489056b0, 0x000002c048906520,
0x000002c048906ec0, 0x000002c04aa75570, 0x000002c04aa6fed0, 0x000002c04aa74bd0,
0x000002c04aa72a20, 0x000002c04aa75a40, 0x000002c04aa703a0, 0x000002c04aa768b0,
0x000002c04aa6f060, 0x000002c04aa6f530, 0x000002c04aa71210, 0x000002c04aa71bb0,
0x000002c04aa6fa00, 0x000002c04aa73890, 0x000002c04aa72080, 0x000002c04aa72550,
0x000002c04aa72ef0, 0x000002c04aa733c0, 0x000002c04aa74230, 0x000002c04e8f1150,
0x000002c04e8f02e0, 0x000002c04e8f1620, 0x000002c04e8f1af0, 0x000002c04e8f0c80,
0x000002c04e8f1fc0, 0x000002c04e8f3ca0, 0x000002c04e8f2490, 0x000002c04e8f2960,
0x000002c04e8f2e30, 0x000002c04e8f37d0, 0x000002c04c955890, 0x000002c04c954a20,
0x000002c04c954550, 0x000002c04c955d60, 0x000002c04c953210, 0x000002c04c954ef0,
0x000002c04c953bb0, 0x000002c04c9583e0, 0x000002c04c9536e0, 0x000002c04c9523a0,
0x000002c04c956700, 0x000002c04c954080, 0x000002c04c952870, 0x000002c04c956230,
0x000002c04c9588b0, 0x000002c04c9553c0, 0x000002c04c956bd0, 0x000002c04c952d40,
0x000002c04c9570a0, 0x000002c04c957570, 0x000002c04c951060, 0x000002c04c957a40,
0x000002c04c957f10, 0x000002c04c951530, 0x000002c04c951a00, 0x000002c04c951ed0,
0x000002c04cf4a3a0, 0x000002c04cf503e0, 0x000002c04cf4ad40
}

Java Threads: ( => current thread )
  0x000002c0270a15b0 JavaThread "main" [_thread_blocked, id=9660, stack(0x000000c2a7500000,0x000000c2a7600000)]
  0x000002c0471fca30 JavaThread "Reference Handler" daemon [_thread_blocked, id=8428, stack(0x000000c2a7d00000,0x000000c2a7e00000)]
  0x000002c0471fe1d0 JavaThread "Finalizer" daemon [_thread_blocked, id=2564, stack(0x000000c2a7e00000,0x000000c2a7f00000)]
  0x000002c0471e59c0 JavaThread "Signal Dispatcher" daemon [_thread_blocked, id=1788, stack(0x000000c2a7f00000,0x000000c2a8000000)]
  0x000002c0471e6480 JavaThread "Attach Listener" daemon [_thread_blocked, id=16360, stack(0x000000c2a8000000,0x000000c2a8100000)]
  0x000002c047c33020 JavaThread "Service Thread" daemon [_thread_blocked, id=3120, stack(0x000000c2a8100000,0x000000c2a8200000)]
  0x000002c047c36490 JavaThread "Monitor Deflation Thread" daemon [_thread_blocked, id=15072, stack(0x000000c2a8200000,0x000000c2a8300000)]
=>0x000002c047c36d50 JavaThread "C2 CompilerThread0" daemon [_thread_in_native, id=14152, stack(0x000000c2a8300000,0x000000c2a8400000)]
  0x000002c047c37df0 JavaThread "C1 CompilerThread0" daemon [_thread_blocked, id=7584, stack(0x000000c2a8400000,0x000000c2a8500000)]
  0x000002c047cba6d0 JavaThread "Sweeper thread" daemon [_thread_blocked, id=10652, stack(0x000000c2a8500000,0x000000c2a8600000)]
  0x000002c047db5020 JavaThread "Common-Cleaner" daemon [_thread_blocked, id=2712, stack(0x000000c2a8600000,0x000000c2a8700000)]
  0x000002c047db9910 JavaThread "Notification Thread" daemon [_thread_blocked, id=16076, stack(0x000000c2a8700000,0x000000c2a8800000)]
  0x000002c048dd0740 JavaThread "Daemon health stats" [_thread_blocked, id=4920, stack(0x000000c2a8c00000,0x000000c2a8d00000)]
  0x000002c048884200 JavaThread "Incoming local TCP Connector on port 57606" [_thread_in_native, id=13480, stack(0x000000c2a8d00000,0x000000c2a8e00000)]
  0x000002c049384cc0 JavaThread "Daemon periodic checks" [_thread_blocked, id=9584, stack(0x000000c2a8e00000,0x000000c2a8f00000)]
  0x000002c0496791e0 JavaThread "Daemon" [_thread_blocked, id=12056, stack(0x000000c2a8f00000,0x000000c2a9000000)]
  0x000002c0495d3c00 JavaThread "Handler for socket connection from /127.0.0.1:57606 to /127.0.0.1:57607" [_thread_in_native, id=5440, stack(0x000000c2a9000000,0x000000c2a9100000)]
  0x000002c0496f07c0 JavaThread "Cancel handler" [_thread_blocked, id=9268, stack(0x000000c2a9100000,0x000000c2a9200000)]
  0x000002c049481450 JavaThread "Daemon worker" [_thread_in_vm, id=13980, stack(0x000000c2a9200000,0x000000c2a9300000)]
  0x000002c0489051e0 JavaThread "Asynchronous log dispatcher for DefaultDaemonConnection: socket connection from /127.0.0.1:57606 to /127.0.0.1:57607" [_thread_blocked, id=12548, stack(0x000000c2a9300000,0x000000c2a9400000)]
  0x000002c0489069f0 JavaThread "Stdin handler" [_thread_blocked, id=14836, stack(0x000000c2a9400000,0x000000c2a9500000)]
  0x000002c048904840 JavaThread "Daemon client event forwarder" [_thread_blocked, id=13060, stack(0x000000c2a9500000,0x000000c2a9600000)]
  0x000002c048904d10 JavaThread "Cache worker for journal cache (C:\Users\Shailesh Sharma\.gradle\caches\journal-1)" [_thread_blocked, id=11080, stack(0x000000c2a9600000,0x000000c2a9700000)]
  0x000002c048903ea0 JavaThread "File lock request listener" [_thread_in_native, id=2924, stack(0x000000c2a9700000,0x000000c2a9800000)]
  0x000002c048905b80 JavaThread "Cache worker for file hash cache (C:\Users\Shailesh Sharma\.gradle\caches\7.6.3\fileHashes)" [_thread_blocked, id=1168, stack(0x000000c2a9800000,0x000000c2a9900000)]
  0x000002c048906050 JavaThread "File watcher server" daemon [_thread_in_native, id=6076, stack(0x000000c2a9900000,0x000000c2a9a00000)]
  0x000002c0489056b0 JavaThread "File watcher consumer" daemon [_thread_blocked, id=14260, stack(0x000000c2a9a00000,0x000000c2a9b00000)]
  0x000002c048906520 JavaThread "Cache worker for checksums cache (C:\Users\Shailesh Sharma\StudioProjects\march_27_tasks\android\.gradle\7.6.3\checksums)" [_thread_blocked, id=13336, stack(0x000000c2a9b00000,0x000000c2a9c00000)]
  0x000002c048906ec0 JavaThread "Cache worker for cache directory md-rule (C:\Users\Shailesh Sharma\.gradle\caches\7.6.3\md-rule)" [_thread_blocked, id=10716, stack(0x000000c2a9c00000,0x000000c2a9d00000)]
  0x000002c04aa75570 JavaThread "Cache worker for file content cache (C:\Users\Shailesh Sharma\.gradle\caches\7.6.3\fileContent)" [_thread_blocked, id=8304, stack(0x000000c2a9d00000,0x000000c2a9e00000)]
  0x000002c04aa6fed0 JavaThread "Cache worker for file hash cache (C:\Users\Shailesh Sharma\StudioProjects\march_27_tasks\android\.gradle\7.6.3\fileHashes)" [_thread_blocked, id=14652, stack(0x000000c2a9e00000,0x000000c2a9f00000)]
  0x000002c04aa74bd0 JavaThread "Cache worker for cache directory md-supplier (C:\Users\Shailesh Sharma\.gradle\caches\7.6.3\md-supplier)" [_thread_blocked, id=13228, stack(0x000000c2a9f00000,0x000000c2aa000000)]
  0x000002c04aa72a20 JavaThread "Cache worker for execution history cache (C:\Users\Shailesh Sharma\.gradle\caches\7.6.3\executionHistory)" [_thread_blocked, id=15984, stack(0x000000c2aa000000,0x000000c2aa100000)]
  0x000002c04aa75a40 JavaThread "jar transforms" [_thread_blocked, id=10080, stack(0x000000c2aa300000,0x000000c2aa400000)]
  0x000002c04aa703a0 JavaThread "Cache worker for kotlin-dsl (C:\Users\Shailesh Sharma\.gradle\caches\7.6.3\kotlin-dsl)" [_thread_blocked, id=5240, stack(0x000000c2aa400000,0x000000c2aa500000)]
  0x000002c04aa768b0 JavaThread "jar transforms Thread 2" [_thread_blocked, id=10904, stack(0x000000c2aa500000,0x000000c2aa600000)]
  0x000002c04aa6f060 JavaThread "Cache worker for dependencies-accessors (C:\Users\Shailesh Sharma\StudioProjects\march_27_tasks\android\.gradle\7.6.3\dependencies-accessors)" [_thread_blocked, id=14904, stack(0x000000c2aa600000,0x000000c2aa700000)]
  0x000002c04aa6f530 JavaThread "Cache worker for Build Output Cleanup Cache (C:\src\flutter\packages\flutter_tools\gradle\.gradle\buildOutputCleanup)" [_thread_blocked, id=13284, stack(0x000000c2aa700000,0x000000c2aa800000)]
  0x000002c04aa71210 JavaThread "jar transforms Thread 3" [_thread_blocked, id=8484, stack(0x000000c2aa800000,0x000000c2aa900000)]
  0x000002c04aa71bb0 JavaThread "Memory manager" [_thread_blocked, id=2616, stack(0x000000c2aa900000,0x000000c2aaa00000)]
  0x000002c04aa6fa00 JavaThread "jar transforms Thread 4" [_thread_blocked, id=2760, stack(0x000000c2aaa00000,0x000000c2aab00000)]
  0x000002c04aa73890 JavaThread "included builds" [_thread_blocked, id=9304, stack(0x000000c2aab00000,0x000000c2aac00000)]
  0x000002c04aa72080 JavaThread "Execution worker" [_thread_blocked, id=11712, stack(0x000000c2aac00000,0x000000c2aad00000)]
  0x000002c04aa72550 JavaThread "Execution worker Thread 2" [_thread_blocked, id=15064, stack(0x000000c2aad00000,0x000000c2aae00000)]
  0x000002c04aa72ef0 JavaThread "Execution worker Thread 3" [_thread_blocked, id=13236, stack(0x000000c2aae00000,0x000000c2aaf00000)]
  0x000002c04aa733c0 JavaThread "Cache worker for execution history cache (C:\src\flutter\packages\flutter_tools\gradle\.gradle\7.6.3\executionHistory)" [_thread_blocked, id=15432, stack(0x000000c2aaf00000,0x000000c2ab000000)]
  0x000002c04aa74230 JavaThread "Unconstrained build operations" [_thread_blocked, id=9308, stack(0x000000c2ab000000,0x000000c2ab100000)]
  0x000002c04e8f1150 JavaThread "Unconstrained build operations Thread 2" [_thread_blocked, id=10116, stack(0x000000c2ab100000,0x000000c2ab200000)]
  0x000002c04e8f02e0 JavaThread "Unconstrained build operations Thread 3" [_thread_blocked, id=8072, stack(0x000000c2ab200000,0x000000c2ab300000)]
  0x000002c04e8f1620 JavaThread "Unconstrained build operations Thread 4" [_thread_blocked, id=7192, stack(0x000000c2ab300000,0x000000c2ab400000)]
  0x000002c04e8f1af0 JavaThread "Unconstrained build operations Thread 5" [_thread_blocked, id=13292, stack(0x000000c2ab400000,0x000000c2ab500000)]
  0x000002c04e8f0c80 JavaThread "Unconstrained build operations Thread 6" [_thread_blocked, id=10760, stack(0x000000c2ab500000,0x000000c2ab600000)]
  0x000002c04e8f1fc0 JavaThread "Unconstrained build operations Thread 7" [_thread_blocked, id=5008, stack(0x000000c2ab600000,0x000000c2ab700000)]
  0x000002c04e8f3ca0 JavaThread "Unconstrained build operations Thread 8" [_thread_blocked, id=3888, stack(0x000000c2ab700000,0x000000c2ab800000)]
  0x000002c04e8f2490 JavaThread "Unconstrained build operations Thread 9" [_thread_blocked, id=9856, stack(0x000000c2ab800000,0x000000c2ab900000)]
  0x000002c04e8f2960 JavaThread "Unconstrained build operations Thread 10" [_thread_blocked, id=9504, stack(0x000000c2ab900000,0x000000c2aba00000)]
  0x000002c04e8f2e30 JavaThread "Unconstrained build operations Thread 11" [_thread_blocked, id=12972, stack(0x000000c2abb00000,0x000000c2abc00000)]
  0x000002c04e8f37d0 JavaThread "Unconstrained build operations Thread 12" [_thread_blocked, id=11392, stack(0x000000c2abc00000,0x000000c2abd00000)]
  0x000002c04c955890 JavaThread "Unconstrained build operations Thread 13" [_thread_blocked, id=5324, stack(0x000000c2abd00000,0x000000c2abe00000)]
  0x000002c04c954a20 JavaThread "Unconstrained build operations Thread 14" [_thread_blocked, id=5152, stack(0x000000c2abe00000,0x000000c2abf00000)]
  0x000002c04c954550 JavaThread "Unconstrained build operations Thread 15" [_thread_blocked, id=15332, stack(0x000000c2abf00000,0x000000c2ac000000)]
  0x000002c04c955d60 JavaThread "Unconstrained build operations Thread 16" [_thread_blocked, id=12632, stack(0x000000c2ac000000,0x000000c2ac100000)]
  0x000002c04c953210 JavaThread "Unconstrained build operations Thread 17" [_thread_blocked, id=11980, stack(0x000000c2ac100000,0x000000c2ac200000)]
  0x000002c04c954ef0 JavaThread "Unconstrained build operations Thread 18" [_thread_blocked, id=6292, stack(0x000000c2ac200000,0x000000c2ac300000)]
  0x000002c04c953bb0 JavaThread "Unconstrained build operations Thread 19" [_thread_blocked, id=4564, stack(0x000000c2ac300000,0x000000c2ac400000)]
  0x000002c04c9583e0 JavaThread "Unconstrained build operations Thread 20" [_thread_blocked, id=14432, stack(0x000000c2ac400000,0x000000c2ac500000)]
  0x000002c04c9536e0 JavaThread "Unconstrained build operations Thread 21" [_thread_blocked, id=10120, stack(0x000000c2ac500000,0x000000c2ac600000)]
  0x000002c04c9523a0 JavaThread "Unconstrained build operations Thread 22" [_thread_blocked, id=3040, stack(0x000000c2ac600000,0x000000c2ac700000)]
  0x000002c04c956700 JavaThread "Unconstrained build operations Thread 23" [_thread_blocked, id=9228, stack(0x000000c2ac700000,0x000000c2ac800000)]
  0x000002c04c954080 JavaThread "Unconstrained build operations Thread 24" [_thread_blocked, id=15008, stack(0x000000c2ac800000,0x000000c2ac900000)]
  0x000002c04c952870 JavaThread "Unconstrained build operations Thread 25" [_thread_blocked, id=2660, stack(0x000000c2ac900000,0x000000c2aca00000)]
  0x000002c04c956230 JavaThread "Unconstrained build operations Thread 26" [_thread_blocked, id=5272, stack(0x000000c2aca00000,0x000000c2acb00000)]
  0x000002c04c9588b0 JavaThread "Unconstrained build operations Thread 27" [_thread_blocked, id=8080, stack(0x000000c2acb00000,0x000000c2acc00000)]
  0x000002c04c9553c0 JavaThread "Unconstrained build operations Thread 28" [_thread_blocked, id=9644, stack(0x000000c2acc00000,0x000000c2acd00000)]
  0x000002c04c956bd0 JavaThread "Unconstrained build operations Thread 29" [_thread_blocked, id=15428, stack(0x000000c2acd00000,0x000000c2ace00000)]
  0x000002c04c952d40 JavaThread "Unconstrained build operations Thread 30" [_thread_blocked, id=4884, stack(0x000000c2ace00000,0x000000c2acf00000)]
  0x000002c04c9570a0 JavaThread "Unconstrained build operations Thread 31" [_thread_blocked, id=14544, stack(0x000000c2acf00000,0x000000c2ad000000)]
  0x000002c04c957570 JavaThread "Unconstrained build operations Thread 32" [_thread_blocked, id=13628, stack(0x000000c2ad000000,0x000000c2ad100000)]
  0x000002c04c951060 JavaThread "Unconstrained build operations Thread 33" [_thread_blocked, id=12500, stack(0x000000c2ad100000,0x000000c2ad200000)]
  0x000002c04c957a40 JavaThread "Unconstrained build operations Thread 34" [_thread_blocked, id=8976, stack(0x000000c2ad200000,0x000000c2ad300000)]
  0x000002c04c957f10 JavaThread "Unconstrained build operations Thread 35" [_thread_blocked, id=3412, stack(0x000000c2ad300000,0x000000c2ad400000)]
  0x000002c04c951530 JavaThread "Unconstrained build operations Thread 36" [_thread_blocked, id=15960, stack(0x000000c2ad400000,0x000000c2ad500000)]
  0x000002c04c951a00 JavaThread "Unconstrained build operations Thread 37" [_thread_blocked, id=14184, stack(0x000000c2ad500000,0x000000c2ad600000)]
  0x000002c04c951ed0 JavaThread "Unconstrained build operations Thread 38" [_thread_blocked, id=3728, stack(0x000000c2ad600000,0x000000c2ad700000)]
  0x000002c04cf4a3a0 JavaThread "Unconstrained build operations Thread 39" [_thread_blocked, id=14140, stack(0x000000c2ad700000,0x000000c2ad800000)]
  0x000002c04cf503e0 JavaThread "Unconstrained build operations Thread 40" [_thread_blocked, id=10732, stack(0x000000c2ad800000,0x000000c2ad900000)]
  0x000002c04cf4ad40 JavaThread "Cache worker for Build Output Cleanup Cache (C:\Users\Shailesh Sharma\StudioProjects\march_27_tasks\android\.gradle\buildOutputCleanup)" [_thread_blocked, id=10024, stack(0x000000c2ad900000,0x000000c2ada00000)]

Other Threads:
  0x000002c0471d7030 VMThread "VM Thread" [stack: 0x000000c2a7c00000,0x000000c2a7d00000] [id=8164]
  0x000002c047dbbdf0 WatcherThread [stack: 0x000000c2a8800000,0x000000c2a8900000] [id=16204]
  0x000002c02710f080 GCTaskThread "GC Thread#0" [stack: 0x000000c2a7700000,0x000000c2a7800000] [id=10356]
  0x000002c0480491b0 GCTaskThread "GC Thread#1" [stack: 0x000000c2a8900000,0x000000c2a8a00000] [id=7756]
  0x000002c048049460 GCTaskThread "GC Thread#2" [stack: 0x000000c2a8a00000,0x000000c2a8b00000] [id=11560]
  0x000002c0486bf4b0 GCTaskThread "GC Thread#3" [stack: 0x000000c2a8b00000,0x000000c2a8c00000] [id=15828]
  0x000002c027120ee0 ConcurrentGCThread "G1 Main Marker" [stack: 0x000000c2a7800000,0x000000c2a7900000] [id=2472]
  0x000002c027121800 ConcurrentGCThread "G1 Conc#0" [stack: 0x000000c2a7900000,0x000000c2a7a00000] [id=14044]
  0x000002c02715ad80 ConcurrentGCThread "G1 Refine#0" [stack: 0x000000c2a7a00000,0x000000c2a7b00000] [id=8704]
  0x000002c04c2bb9a0 ConcurrentGCThread "G1 Refine#1" [stack: 0x000000c2aa100000,0x000000c2aa200000] [id=13752]
  0x000002c04afc5c10 ConcurrentGCThread "G1 Refine#2" [stack: 0x000000c2aa200000,0x000000c2aa300000] [id=15544]
  0x000002c02715b6b0 ConcurrentGCThread "G1 Service" [stack: 0x000000c2a7b00000,0x000000c2a7c00000] [id=1324]

Threads with active compile tasks:
C2 CompilerThread0    25200 8522       4       jdk.internal.loader.URLClassPath$JarLoader$2::getBytes (48 bytes)

VM state: not at safepoint (normal execution)

VM Mutex/Monitor currently owned by a thread: None

Heap address: 0x0000000700000000, size: 4096 MB, Compressed Oops mode: Zero based, Oop shift amount: 3

CDS archive(s) not mapped
Compressed class space mapped at: 0x0000000800000000-0x0000000840000000, reserved size: 1073741824
Narrow klass base: 0x0000000800000000, Narrow klass shift: 0, Narrow klass range: 0x40000000

GC Precious Log:
 CPUs: 4 total, 4 available
 Memory: 8072M
 Large Page Support: Disabled
 NUMA Support: Disabled
 Compressed Oops: Enabled (Zero based)
 Heap Region Size: 2M
 Heap Min Capacity: 8M
 Heap Initial Capacity: 128M
 Heap Max Capacity: 4G
 Pre-touch: Disabled
 Parallel Workers: 4
 Concurrent Workers: 1
 Concurrent Refinement Workers: 4
 Periodic GC: Disabled

Heap:
 garbage-first heap   total 116736K, used 87847K [0x0000000700000000, 0x0000000800000000)
  region size 2048K, 13 young (26624K), 1 survivors (2048K)
 Metaspace       used 84231K, committed 84864K, reserved 1130496K
  class space    used 11360K, committed 11648K, reserved 1048576K

Heap Regions: E=young(eden), S=young(survivor), O=old, HS=humongous(starts), HC=humongous(continues), CS=collection set, F=free, OA=open archive, CA=closed archive, TAMS=top-at-mark-start (previous, next)
|   0|0x0000000700000000, 0x0000000700200000, 0x0000000700200000|100%| O|  |TAMS 0x0000000700200000, 0x0000000700000000| Untracked 
|   1|0x0000000700200000, 0x0000000700400000, 0x0000000700400000|100%|HS|  |TAMS 0x0000000700400000, 0x0000000700200000| Complete 
|   2|0x0000000700400000, 0x0000000700600000, 0x0000000700600000|100%|HC|  |TAMS 0x0000000700600000, 0x0000000700400000| Complete 
|   3|0x0000000700600000, 0x0000000700800000, 0x0000000700800000|100%| O|  |TAMS 0x0000000700800000, 0x0000000700600000| Untracked 
|   4|0x0000000700800000, 0x0000000700a00000, 0x0000000700a00000|100%| O|  |TAMS 0x0000000700a00000, 0x0000000700800000| Untracked 
|   5|0x0000000700a00000, 0x0000000700c00000, 0x0000000700c00000|100%| O|  |TAMS 0x0000000700c00000, 0x0000000700a00000| Untracked 
|   6|0x0000000700c00000, 0x0000000700e00000, 0x0000000700e00000|100%| O|  |TAMS 0x0000000700e00000, 0x0000000700c00000| Untracked 
|   7|0x0000000700e00000, 0x0000000701000000, 0x0000000701000000|100%| O|  |TAMS 0x0000000701000000, 0x0000000700e00000| Untracked 
|   8|0x0000000701000000, 0x0000000701200000, 0x0000000701200000|100%| O|  |TAMS 0x0000000701200000, 0x0000000701000000| Untracked 
|   9|0x0000000701200000, 0x0000000701400000, 0x0000000701400000|100%| O|  |TAMS 0x0000000701400000, 0x0000000701200000| Untracked 
|  10|0x0000000701400000, 0x0000000701600000, 0x0000000701600000|100%| O|  |TAMS 0x0000000701600000, 0x0000000701400000| Untracked 
|  11|0x0000000701600000, 0x0000000701800000, 0x0000000701800000|100%| O|  |TAMS 0x0000000701800000, 0x0000000701600000| Untracked 
|  12|0x0000000701800000, 0x0000000701a00000, 0x0000000701a00000|100%| O|  |TAMS 0x0000000701a00000, 0x0000000701800000| Untracked 
|  13|0x0000000701a00000, 0x0000000701c00000, 0x0000000701c00000|100%| O|  |TAMS 0x0000000701c00000, 0x0000000701a00000| Untracked 
|  14|0x0000000701c00000, 0x0000000701e00000, 0x0000000701e00000|100%| O|  |TAMS 0x0000000701e00000, 0x0000000701c00000| Untracked 
|  15|0x0000000701e00000, 0x0000000702000000, 0x0000000702000000|100%| O|  |TAMS 0x0000000702000000, 0x0000000701e00000| Untracked 
|  16|0x0000000702000000, 0x0000000702200000, 0x0000000702200000|100%| O|  |TAMS 0x0000000702200000, 0x0000000702000000| Untracked 
|  17|0x0000000702200000, 0x0000000702400000, 0x0000000702400000|100%| O|  |TAMS 0x0000000702400000, 0x0000000702200000| Untracked 
|  18|0x0000000702400000, 0x0000000702600000, 0x0000000702600000|100%| O|  |TAMS 0x0000000702600000, 0x0000000702400000| Untracked 
|  19|0x0000000702600000, 0x0000000702800000, 0x0000000702800000|100%| O|  |TAMS 0x0000000702800000, 0x0000000702600000| Untracked 
|  20|0x0000000702800000, 0x0000000702a00000, 0x0000000702a00000|100%|HS|  |TAMS 0x0000000702a00000, 0x0000000702800000| Complete 
|  21|0x0000000702a00000, 0x0000000702c00000, 0x0000000702c00000|100%|HC|  |TAMS 0x0000000702c00000, 0x0000000702a00000| Complete 
|  22|0x0000000702c00000, 0x0000000702e00000, 0x0000000702e00000|100%|HS|  |TAMS 0x0000000702e00000, 0x0000000702c00000| Complete 
|  23|0x0000000702e00000, 0x0000000703000000, 0x0000000703000000|100%| O|  |TAMS 0x0000000703000000, 0x0000000702e00000| Untracked 
|  24|0x0000000703000000, 0x0000000703200000, 0x0000000703200000|100%| O|  |TAMS 0x0000000703200000, 0x0000000703000000| Untracked 
|  25|0x0000000703200000, 0x0000000703400000, 0x0000000703400000|100%| O|  |TAMS 0x0000000703400000, 0x0000000703200000| Untracked 
|  26|0x0000000703400000, 0x0000000703600000, 0x0000000703600000|100%| O|  |TAMS 0x0000000703600000, 0x0000000703400000| Untracked 
|  27|0x0000000703600000, 0x0000000703800000, 0x0000000703800000|100%| O|  |TAMS 0x0000000703800000, 0x0000000703600000| Untracked 
|  28|0x0000000703800000, 0x0000000703a00000, 0x0000000703a00000|100%| O|  |TAMS 0x0000000703a00000, 0x0000000703800000| Untracked 
|  29|0x0000000703a00000, 0x0000000703c00000, 0x0000000703c00000|100%| O|  |TAMS 0x0000000703b8e400, 0x0000000703a00000| Untracked 
|  30|0x0000000703c00000, 0x0000000703e00000, 0x0000000703e00000|100%| O|  |TAMS 0x0000000703c00000, 0x0000000703c00000| Untracked 
|  31|0x0000000703e00000, 0x0000000703ff7800, 0x0000000704000000| 98%| O|  |TAMS 0x0000000703e00000, 0x0000000703e00000| Untracked 
|  32|0x0000000704000000, 0x0000000704000000, 0x0000000704200000|  0%| F|  |TAMS 0x0000000704000000, 0x0000000704000000| Untracked 
|  33|0x0000000704200000, 0x0000000704200000, 0x0000000704400000|  0%| F|  |TAMS 0x0000000704200000, 0x0000000704200000| Untracked 
|  34|0x0000000704400000, 0x0000000704400000, 0x0000000704600000|  0%| F|  |TAMS 0x0000000704400000, 0x0000000704400000| Untracked 
|  35|0x0000000704600000, 0x0000000704600000, 0x0000000704800000|  0%| F|  |TAMS 0x0000000704600000, 0x0000000704600000| Untracked 
|  36|0x0000000704800000, 0x0000000704800000, 0x0000000704a00000|  0%| F|  |TAMS 0x0000000704800000, 0x0000000704800000| Untracked 
|  37|0x0000000704a00000, 0x0000000704a00000, 0x0000000704c00000|  0%| F|  |TAMS 0x0000000704a00000, 0x0000000704a00000| Untracked 
|  38|0x0000000704c00000, 0x0000000704c00000, 0x0000000704e00000|  0%| F|  |TAMS 0x0000000704c00000, 0x0000000704c00000| Untracked 
|  39|0x0000000704e00000, 0x0000000704e00000, 0x0000000705000000|  0%| F|  |TAMS 0x0000000704e00000, 0x0000000704e00000| Untracked 
|  40|0x0000000705000000, 0x0000000705000000, 0x0000000705200000|  0%| F|  |TAMS 0x0000000705000000, 0x0000000705000000| Untracked 
|  41|0x0000000705200000, 0x0000000705200000, 0x0000000705400000|  0%| F|  |TAMS 0x0000000705200000, 0x0000000705200000| Untracked 
|  42|0x0000000705400000, 0x0000000705400000, 0x0000000705600000|  0%| F|  |TAMS 0x0000000705400000, 0x0000000705400000| Untracked 
|  43|0x0000000705600000, 0x0000000705600000, 0x0000000705800000|  0%| F|  |TAMS 0x0000000705600000, 0x0000000705600000| Untracked 
|  44|0x0000000705800000, 0x0000000705882ee0, 0x0000000705a00000| 25%| E|  |TAMS 0x0000000705800000, 0x0000000705800000| Complete 
|  45|0x0000000705a00000, 0x0000000705bd25c8, 0x0000000705c00000| 91%| S|CS|TAMS 0x0000000705a00000, 0x0000000705a00000| Complete 
|  46|0x0000000705c00000, 0x0000000705e00000, 0x0000000705e00000|100%| E|CS|TAMS 0x0000000705c00000, 0x0000000705c00000| Complete 
|  47|0x0000000705e00000, 0x0000000706000000, 0x0000000706000000|100%| E|CS|TAMS 0x0000000705e00000, 0x0000000705e00000| Complete 
|  48|0x0000000706000000, 0x0000000706200000, 0x0000000706200000|100%| E|CS|TAMS 0x0000000706000000, 0x0000000706000000| Complete 
|  49|0x0000000706200000, 0x0000000706400000, 0x0000000706400000|100%| E|CS|TAMS 0x0000000706200000, 0x0000000706200000| Complete 
|  50|0x0000000706400000, 0x0000000706600000, 0x0000000706600000|100%| E|CS|TAMS 0x0000000706400000, 0x0000000706400000| Complete 
|  51|0x0000000706600000, 0x0000000706800000, 0x0000000706800000|100%| E|  |TAMS 0x0000000706600000, 0x0000000706600000| Complete 
|  52|0x0000000706800000, 0x0000000706a00000, 0x0000000706a00000|100%| E|CS|TAMS 0x0000000706800000, 0x0000000706800000| Complete 
|  53|0x0000000706a00000, 0x0000000706c00000, 0x0000000706c00000|100%| E|CS|TAMS 0x0000000706a00000, 0x0000000706a00000| Complete 
|  54|0x0000000706c00000, 0x0000000706e00000, 0x0000000706e00000|100%| E|CS|TAMS 0x0000000706c00000, 0x0000000706c00000| Complete 
|  55|0x0000000706e00000, 0x0000000707000000, 0x0000000707000000|100%| E|CS|TAMS 0x0000000706e00000, 0x0000000706e00000| Complete 
|  63|0x0000000707e00000, 0x0000000708000000, 0x0000000708000000|100%| E|CS|TAMS 0x0000000707e00000, 0x0000000707e00000| Complete 

Card table byte_map: [0x000002c03bb70000,0x000002c03c370000] _byte_map_base: 0x000002c038370000

Marking Bits (Prev, Next): (CMBitMap*) 0x000002c0271105b0, (CMBitMap*) 0x000002c0271105f0
 Prev Bits: [0x000002c03cb70000, 0x000002c040b70000)
 Next Bits: [0x000002c040b70000, 0x000002c044b70000)

Polling page: 0x000002c027170000

Metaspace:

Usage:
  Non-class:     71.17 MB used.
      Class:     11.09 MB used.
       Both:     82.27 MB used.

Virtual space:
  Non-class space:       80.00 MB reserved,      71.50 MB ( 89%) committed,  10 nodes.
      Class space:        1.00 GB reserved,      11.38 MB (  1%) committed,  1 nodes.
             Both:        1.08 GB reserved,      82.88 MB (  8%) committed. 

Chunk freelists:
   Non-Class:  3.94 MB
       Class:  528.00 KB
        Both:  4.45 MB

MaxMetaspaceSize: unlimited
CompressedClassSpaceSize: 1.00 GB
Initial GC threshold: 21.00 MB
Current GC threshold: 132.81 MB
CDS: off
MetaspaceReclaimPolicy: balanced
 - commit_granule_bytes: 65536.
 - commit_granule_words: 8192.
 - virtual_space_node_default_size: 1048576.
 - enlarge_chunks_in_place: 1.
 - new_chunks_are_fully_committed: 0.
 - uncommit_free_chunks: 1.
 - use_allocation_guard: 0.
 - handle_deallocations: 1.


Internal statistics:

num_allocs_failed_limit: 12.
num_arena_births: 750.
num_arena_deaths: 0.
num_vsnodes_births: 11.
num_vsnodes_deaths: 0.
num_space_committed: 1327.
num_space_uncommitted: 0.
num_chunks_returned_to_freelist: 12.
num_chunks_taken_from_freelist: 3534.
num_chunk_merges: 12.
num_chunk_splits: 2391.
num_chunks_enlarged: 1679.
num_purges: 0.
num_inconsistent_stats: 0.

CodeHeap 'non-profiled nmethods': size=120000Kb used=3829Kb max_used=3829Kb free=116170Kb
 bounds [0x000002c033810000, 0x000002c033bd0000, 0x000002c03ad40000]
CodeHeap 'profiled nmethods': size=120000Kb used=15554Kb max_used=15554Kb free=104445Kb
 bounds [0x000002c02bd40000, 0x000002c02cc80000, 0x000002c033270000]
CodeHeap 'non-nmethods': size=5760Kb used=2421Kb max_used=2483Kb free=3338Kb
 bounds [0x000002c033270000, 0x000002c033500000, 0x000002c033810000]
 total_blobs=8718 nmethods=7762 adapters=867
 compilation: enabled
              stopped_count=0, restarted_count=0
 full_count=0

Compilation events (20 events):
Event: 25.082 Thread 0x000002c047c37df0 8604       2       kotlin.text.Regex::<init> (21 bytes)
Event: 25.083 Thread 0x000002c047c37df0 nmethod 8604 0x000002c02cc6d590 code [0x000002c02cc6d780, 0x000002c02cc6db78]
Event: 25.083 Thread 0x000002c047c37df0 8605       2       java.util.regex.Pattern::Range (37 bytes)
Event: 25.083 Thread 0x000002c047c37df0 nmethod 8605 0x000002c02cc6dd90 code [0x000002c02cc6df40, 0x000002c02cc6e118]
Event: 25.083 Thread 0x000002c047c37df0 8606       2       java.util.regex.Pattern$Begin::match (62 bytes)
Event: 25.084 Thread 0x000002c047c37df0 nmethod 8606 0x000002c02cc6e290 code [0x000002c02cc6e440, 0x000002c02cc6e668]
Event: 25.084 Thread 0x000002c047c37df0 8607       2       java.util.regex.Pattern$BmpCharPredicate::union (23 bytes)
Event: 25.084 Thread 0x000002c047c37df0 nmethod 8607 0x000002c02cc6e790 code [0x000002c02cc6e960, 0x000002c02cc6ec58]
Event: 25.084 Thread 0x000002c047c37df0 8608       2       java.util.regex.Pattern$BmpCharPredicate$$Lambda$11/0x00000008000c8e98::<init> (15 bytes)
Event: 25.084 Thread 0x000002c047c37df0 nmethod 8608 0x000002c02cc6ee10 code [0x000002c02cc6efa0, 0x000002c02cc6f178]
Event: 25.084 Thread 0x000002c047c37df0 8609       1       com.android.tools.build.jetifier.processor.transform.TransformationContext::getVersions (5 bytes)
Event: 25.084 Thread 0x000002c047c37df0 nmethod 8609 0x000002c033bcce90 code [0x000002c033bcd020, 0x000002c033bcd0f8]
Event: 25.107 Thread 0x000002c047c37df0 8610       2       java.lang.reflect.Constructor::getExceptionTypes (11 bytes)
Event: 25.107 Thread 0x000002c047c37df0 nmethod 8610 0x000002c02cc6f210 code [0x000002c02cc6f3c0, 0x000002c02cc6f528]
Event: 25.122 Thread 0x000002c047c37df0 8611       1       org.gradle.api.internal.project.DefaultProject::getGradle (5 bytes)
Event: 25.122 Thread 0x000002c047c37df0 nmethod 8611 0x000002c033bcd190 code [0x000002c033bcd320, 0x000002c033bcd3f8]
Event: 25.122 Thread 0x000002c047c37df0 8612       2       org.gradle.api.internal.DefaultNamedDomainObjectCollection$AbstractDomainObjectCreatingProvider::getType (5 bytes)
Event: 25.122 Thread 0x000002c047c37df0 nmethod 8612 0x000002c02cc6f610 code [0x000002c02cc6f7a0, 0x000002c02cc6f8b8]
Event: 25.156 Thread 0x000002c047c37df0 8613       2       org.gradle.api.internal.DefaultDomainObjectCollection::assertMutableCollectionContents (1 bytes)
Event: 25.156 Thread 0x000002c047c37df0 nmethod 8613 0x000002c02cc6f990 code [0x000002c02cc6fb20, 0x000002c02cc6fc18]

GC Heap History (20 events):
Event: 13.953 GC heap before
{Heap before GC invocations=14 (full 0):
 garbage-first heap   total 106496K, used 76499K [0x0000000700000000, 0x0000000800000000)
  region size 2048K, 25 young (51200K), 3 survivors (6144K)
 Metaspace       used 52322K, committed 52800K, reserved 1097728K
  class space    used 7033K, committed 7232K, reserved 1048576K
}
Event: 13.960 GC heap after
{Heap after GC invocations=15 (full 0):
 garbage-first heap   total 106496K, used 33757K [0x0000000700000000, 0x0000000800000000)
  region size 2048K, 3 young (6144K), 3 survivors (6144K)
 Metaspace       used 52322K, committed 52800K, reserved 1097728K
  class space    used 7033K, committed 7232K, reserved 1048576K
}
Event: 15.021 GC heap before
{Heap before GC invocations=15 (full 0):
 garbage-first heap   total 106496K, used 78813K [0x0000000700000000, 0x0000000800000000)
  region size 2048K, 25 young (51200K), 3 survivors (6144K)
 Metaspace       used 57793K, committed 58304K, reserved 1105920K
  class space    used 7771K, committed 8000K, reserved 1048576K
}
Event: 15.029 GC heap after
{Heap after GC invocations=16 (full 0):
 garbage-first heap   total 106496K, used 35987K [0x0000000700000000, 0x0000000800000000)
  region size 2048K, 3 young (6144K), 3 survivors (6144K)
 Metaspace       used 57793K, committed 58304K, reserved 1105920K
  class space    used 7771K, committed 8000K, reserved 1048576K
}
Event: 15.710 GC heap before
{Heap before GC invocations=16 (full 0):
 garbage-first heap   total 106496K, used 50323K [0x0000000700000000, 0x0000000800000000)
  region size 2048K, 11 young (22528K), 3 survivors (6144K)
 Metaspace       used 59682K, committed 60160K, reserved 1105920K
  class space    used 8065K, committed 8320K, reserved 1048576K
}
Event: 15.716 GC heap after
{Heap after GC invocations=17 (full 0):
 garbage-first heap   total 106496K, used 36377K [0x0000000700000000, 0x0000000800000000)
  region size 2048K, 3 young (6144K), 3 survivors (6144K)
 Metaspace       used 59682K, committed 60160K, reserved 1105920K
  class space    used 8065K, committed 8320K, reserved 1048576K
}
Event: 17.001 GC heap before
{Heap before GC invocations=18 (full 0):
 garbage-first heap   total 106496K, used 81433K [0x0000000700000000, 0x0000000800000000)
  region size 2048K, 25 young (51200K), 3 survivors (6144K)
 Metaspace       used 64353K, committed 64896K, reserved 1105920K
  class space    used 8877K, committed 9152K, reserved 1048576K
}
Event: 17.012 GC heap after
{Heap after GC invocations=19 (full 0):
 garbage-first heap   total 106496K, used 39362K [0x0000000700000000, 0x0000000800000000)
  region size 2048K, 3 young (6144K), 3 survivors (6144K)
 Metaspace       used 64353K, committed 64896K, reserved 1105920K
  class space    used 8877K, committed 9152K, reserved 1048576K
}
Event: 20.246 GC heap before
{Heap before GC invocations=20 (full 0):
 garbage-first heap   total 106496K, used 80322K [0x0000000700000000, 0x0000000800000000)
  region size 2048K, 24 young (49152K), 3 survivors (6144K)
 Metaspace       used 71972K, committed 72512K, reserved 1114112K
  class space    used 9821K, committed 10048K, reserved 1048576K
}
Event: 20.258 GC heap after
{Heap after GC invocations=21 (full 0):
 garbage-first heap   total 106496K, used 43434K [0x0000000700000000, 0x0000000800000000)
  region size 2048K, 3 young (6144K), 3 survivors (6144K)
 Metaspace       used 71972K, committed 72512K, reserved 1114112K
  class space    used 9821K, committed 10048K, reserved 1048576K
}
Event: 21.690 GC heap before
{Heap before GC invocations=21 (full 0):
 garbage-first heap   total 106496K, used 84394K [0x0000000700000000, 0x0000000800000000)
  region size 2048K, 21 young (43008K), 3 survivors (6144K)
 Metaspace       used 73581K, committed 74112K, reserved 1114112K
  class space    used 10014K, committed 10240K, reserved 1048576K
}
Event: 21.700 GC heap after
{Heap after GC invocations=22 (full 0):
 garbage-first heap   total 106496K, used 60283K [0x0000000700000000, 0x0000000800000000)
  region size 2048K, 3 young (6144K), 3 survivors (6144K)
 Metaspace       used 73581K, committed 74112K, reserved 1114112K
  class space    used 10014K, committed 10240K, reserved 1048576K
}
Event: 22.516 GC heap before
{Heap before GC invocations=22 (full 0):
 garbage-first heap   total 106496K, used 82811K [0x0000000700000000, 0x0000000800000000)
  region size 2048K, 14 young (28672K), 3 survivors (6144K)
 Metaspace       used 76391K, committed 76992K, reserved 1122304K
  class space    used 10385K, committed 10688K, reserved 1048576K
}
Event: 22.522 GC heap after
{Heap after GC invocations=23 (full 0):
 garbage-first heap   total 106496K, used 62023K [0x0000000700000000, 0x0000000800000000)
  region size 2048K, 1 young (2048K), 1 survivors (2048K)
 Metaspace       used 76391K, committed 76992K, reserved 1122304K
  class space    used 10385K, committed 10688K, reserved 1048576K
}
Event: 23.569 GC heap before
{Heap before GC invocations=24 (full 0):
 garbage-first heap   total 110592K, used 84551K [0x0000000700000000, 0x0000000800000000)
  region size 2048K, 12 young (24576K), 1 survivors (2048K)
 Metaspace       used 79672K, committed 80256K, reserved 1122304K
  class space    used 10767K, committed 11008K, reserved 1048576K
}
Event: 23.573 GC heap after
{Heap after GC invocations=25 (full 0):
 garbage-first heap   total 110592K, used 62705K [0x0000000700000000, 0x0000000800000000)
  region size 2048K, 1 young (2048K), 1 survivors (2048K)
 Metaspace       used 79672K, committed 80256K, reserved 1122304K
  class space    used 10767K, committed 11008K, reserved 1048576K
}
Event: 23.917 GC heap before
{Heap before GC invocations=25 (full 0):
 garbage-first heap   total 110592K, used 85233K [0x0000000700000000, 0x0000000800000000)
  region size 2048K, 13 young (26624K), 1 survivors (2048K)
 Metaspace       used 80467K, committed 81088K, reserved 1122304K
  class space    used 10897K, committed 11200K, reserved 1048576K
}
Event: 23.924 GC heap after
{Heap after GC invocations=26 (full 0):
 garbage-first heap   total 110592K, used 65493K [0x0000000700000000, 0x0000000800000000)
  region size 2048K, 2 young (4096K), 2 survivors (4096K)
 Metaspace       used 80467K, committed 81088K, reserved 1122304K
  class space    used 10897K, committed 11200K, reserved 1048576K
}
Event: 24.608 GC heap before
{Heap before GC invocations=27 (full 0):
 garbage-first heap   total 116736K, used 88021K [0x0000000700000000, 0x0000000800000000)
  region size 2048K, 13 young (26624K), 2 survivors (4096K)
 Metaspace       used 82437K, committed 83072K, reserved 1122304K
  class space    used 11133K, committed 11456K, reserved 1048576K
}
Event: 24.617 GC heap after
{Heap after GC invocations=28 (full 0):
 garbage-first heap   total 116736K, used 67367K [0x0000000700000000, 0x0000000800000000)
  region size 2048K, 1 young (2048K), 1 survivors (2048K)
 Metaspace       used 82437K, committed 83072K, reserved 1122304K
  class space    used 11133K, committed 11456K, reserved 1048576K
}

Dll operation events (2 events):
Event: 0.012 Loaded shared library C:\Program Files\Android\Android Studio\jbr\bin\java.dll
Event: 1.186 Loaded shared library C:\Program Files\Android\Android Studio\jbr\bin\verify.dll

Deoptimization events (20 events):
Event: 24.839 Thread 0x000002c049481450 Uncommon trap: trap_request=0xffffff45 fr.pc=0x000002c033ba9120 relative=0x0000000000000a60
Event: 24.839 Thread 0x000002c049481450 Uncommon trap: reason=unstable_if action=reinterpret pc=0x000002c033ba9120 method=org.objectweb.asm.Label.resolve([BI)Z @ 80 c2
Event: 24.839 Thread 0x000002c049481450 DEOPT PACKING pc=0x000002c033ba9120 sp=0x000000c2a92f0d00
Event: 24.839 Thread 0x000002c049481450 DEOPT UNPACKING pc=0x000002c0332c69a3 sp=0x000000c2a92f0c20 mode 2
Event: 24.840 Thread 0x000002c049481450 Uncommon trap: trap_request=0xffffff45 fr.pc=0x000002c033ad2bc8 relative=0x0000000000000228
Event: 24.840 Thread 0x000002c049481450 Uncommon trap: reason=unstable_if action=reinterpret pc=0x000002c033ad2bc8 method=org.objectweb.asm.Label.resolve([BI)Z @ 80 c2
Event: 24.840 Thread 0x000002c049481450 DEOPT PACKING pc=0x000002c033ad2bc8 sp=0x000000c2a92f0c90
Event: 24.840 Thread 0x000002c049481450 DEOPT UNPACKING pc=0x000002c0332c69a3 sp=0x000000c2a92f0c10 mode 2
Event: 24.906 Thread 0x000002c049481450 DEOPT PACKING pc=0x000002c02c9fcb0b sp=0x000000c2a92f14e0
Event: 24.906 Thread 0x000002c049481450 DEOPT UNPACKING pc=0x000002c0332c7143 sp=0x000000c2a92f0a00 mode 0
Event: 24.968 Thread 0x000002c049481450 DEOPT PACKING pc=0x000002c02cc3cd00 sp=0x000000c2a92f1130
Event: 24.968 Thread 0x000002c049481450 DEOPT UNPACKING pc=0x000002c0332c7143 sp=0x000000c2a92f0638 mode 0
Event: 25.055 Thread 0x000002c049481450 Uncommon trap: trap_request=0xffffff45 fr.pc=0x000002c0338e0730 relative=0x00000000000005f0
Event: 25.055 Thread 0x000002c049481450 Uncommon trap: reason=unstable_if action=reinterpret pc=0x000002c0338e0730 method=java.lang.AbstractStringBuilder.appendChars(Ljava/lang/String;II)V @ 11 c2
Event: 25.055 Thread 0x000002c049481450 DEOPT PACKING pc=0x000002c0338e0730 sp=0x000000c2a92f12a0
Event: 25.055 Thread 0x000002c049481450 DEOPT UNPACKING pc=0x000002c0332c69a3 sp=0x000000c2a92f11e0 mode 2
Event: 25.055 Thread 0x000002c049481450 Uncommon trap: trap_request=0xffffff45 fr.pc=0x000002c0338e1714 relative=0x0000000000000174
Event: 25.055 Thread 0x000002c049481450 Uncommon trap: reason=unstable_if action=reinterpret pc=0x000002c0338e1714 method=java.lang.AbstractStringBuilder.appendChars(Ljava/lang/String;II)V @ 11 c2
Event: 25.055 Thread 0x000002c049481450 DEOPT PACKING pc=0x000002c0338e1714 sp=0x000000c2a92f1220
Event: 25.055 Thread 0x000002c049481450 DEOPT UNPACKING pc=0x000002c0332c69a3 sp=0x000000c2a92f11d0 mode 2

Classes unloaded (0 events):
No events

Classes redefined (0 events):
No events

Internal exceptions (20 events):
Event: 21.221 Thread 0x000002c049481450 Exception <a 'java/lang/ClassNotFoundException'{0x0000000704eaa5c8}: build_bo1pw2gjfh8jai0m4r1mfr0shCustomizer> (0x0000000704eaa5c8) 
thrown [s\src\hotspot\share\classfile\systemDictionary.cpp, line 256]
Event: 21.260 Thread 0x000002c049481450 Exception <a 'java/lang/ClassNotFoundException'{0x0000000704fb2b38}: org/gradle/api/internal/project/DefaultProject_DecoratedBeanInfo> (0x0000000704fb2b38) 
thrown [s\src\hotspot\share\classfile\systemDictionary.cpp, line 256]
Event: 21.268 Thread 0x000002c049481450 Exception <a 'java/lang/ClassNotFoundException'{0x0000000704fc4d38}: org/gradle/api/internal/project/DefaultProjectBeanInfo> (0x0000000704fc4d38) 
thrown [s\src\hotspot\share\classfile\systemDictionary.cpp, line 256]
Event: 21.269 Thread 0x000002c049481450 Exception <a 'java/lang/ClassNotFoundException'{0x0000000704fd6cf8}: org/gradle/api/internal/project/DefaultProjectCustomizer> (0x0000000704fd6cf8) 
thrown [s\src\hotspot\share\classfile\systemDictionary.cpp, line 256]
Event: 21.286 Thread 0x000002c049481450 Exception <a 'java/lang/ClassNotFoundException'{0x0000000704c81dd8}: org/gradle/api/internal/project/DefaultProject_DecoratedCustomizer> (0x0000000704c81dd8) 
thrown [s\src\hotspot\share\classfile\systemDictionary.cpp, line 256]
Event: 21.402 Thread 0x000002c049481450 Exception <a 'java/lang/ClassNotFoundException'{0x0000000704a13138}: build_6ruhbo8tghr6i9j74n6xefm65BeanInfo> (0x0000000704a13138) 
thrown [s\src\hotspot\share\classfile\systemDictionary.cpp, line 256]
Event: 21.403 Thread 0x000002c049481450 Exception <a 'java/lang/ClassNotFoundException'{0x0000000704a1e480}: build_6ruhbo8tghr6i9j74n6xefm65Customizer> (0x0000000704a1e480) 
thrown [s\src\hotspot\share\classfile\systemDictionary.cpp, line 256]
Event: 21.493 Thread 0x000002c049481450 Exception <a 'java/lang/ClassNotFoundException'{0x0000000704b95828}: org/gradle/api/internal/plugins/DefaultObjectConfigurationActionBeanInfo> (0x0000000704b95828) 
thrown [s\src\hotspot\share\classfile\systemDictionary.cpp, line 256]
Event: 21.496 Thread 0x000002c049481450 Exception <a 'java/lang/ClassNotFoundException'{0x0000000704bafb08}: org/gradle/api/internal/plugins/DefaultObjectConfigurationActionCustomizer> (0x0000000704bafb08) 
thrown [s\src\hotspot\share\classfile\systemDictionary.cpp, line 256]
Event: 23.613 Thread 0x000002c049481450 Implicit null exception at 0x000002c0339aa38c to 0x000002c0339aa4c2
Event: 23.834 Thread 0x000002c049481450 Exception <a 'sun/nio/fs/WindowsException'{0x000000070569fbd8}> (0x000000070569fbd8) 
thrown [s\src\hotspot\share\prims\jni.cpp, line 517]
Event: 24.631 Thread 0x000002c049481450 Exception <a 'java/lang/ClassNotFoundException'{0x0000000707e8e000}: org/gradle/api/plugins/internal/DefaultBasePluginConventionBeanInfo> (0x0000000707e8e000) 
thrown [s\src\hotspot\share\classfile\systemDictionary.cpp, line 256]
Event: 24.634 Thread 0x000002c049481450 Exception <a 'java/lang/ClassNotFoundException'{0x0000000707eacb20}: org/gradle/api/plugins/BasePluginConventionBeanInfo> (0x0000000707eacb20) 
thrown [s\src\hotspot\share\classfile\systemDictionary.cpp, line 256]
Event: 24.638 Thread 0x000002c049481450 Exception <a 'java/lang/ClassNotFoundException'{0x0000000707ecb608}: org/gradle/api/plugins/BasePluginConventionCustomizer> (0x0000000707ecb608) 
thrown [s\src\hotspot\share\classfile\systemDictionary.cpp, line 256]
Event: 24.641 Thread 0x000002c049481450 Exception <a 'java/lang/ClassNotFoundException'{0x0000000707ef4dd8}: org/gradle/api/plugins/internal/DefaultBasePluginConventionCustomizer> (0x0000000707ef4dd8) 
thrown [s\src\hotspot\share\classfile\systemDictionary.cpp, line 256]
Event: 24.646 Thread 0x000002c049481450 Exception <a 'java/lang/ClassNotFoundException'{0x0000000707f4c050}: org/gradle/api/plugins/internal/DefaultJavaPluginConventionBeanInfo> (0x0000000707f4c050) 
thrown [s\src\hotspot\share\classfile\systemDictionary.cpp, line 256]
Event: 24.648 Thread 0x000002c049481450 Exception <a 'java/lang/ClassNotFoundException'{0x0000000707f6ab70}: org/gradle/api/plugins/JavaPluginConventionBeanInfo> (0x0000000707f6ab70) 
thrown [s\src\hotspot\share\classfile\systemDictionary.cpp, line 256]
Event: 24.649 Thread 0x000002c049481450 Exception <a 'java/lang/ClassNotFoundException'{0x0000000707f8a348}: org/gradle/api/plugins/JavaPluginConventionCustomizer> (0x0000000707f8a348) 
thrown [s\src\hotspot\share\classfile\systemDictionary.cpp, line 256]
Event: 24.651 Thread 0x000002c049481450 Exception <a 'java/lang/ClassNotFoundException'{0x0000000707fbd7b8}: org/gradle/api/plugins/internal/DefaultJavaPluginConventionCustomizer> (0x0000000707fbd7b8) 
thrown [s\src\hotspot\share\classfile\systemDictionary.cpp, line 256]
Event: 24.839 Thread 0x000002c049481450 Implicit null exception at 0x000002c033b5b6c9 to 0x000002c033b5b79c

VM Operations (20 events):
Event: 22.635 Executing VM operation: G1Concurrent
Event: 22.643 Executing VM operation: G1Concurrent done
Event: 22.680 Executing VM operation: G1Concurrent
Event: 22.680 Executing VM operation: G1Concurrent done
Event: 22.723 Executing VM operation: HandshakeAllThreads
Event: 22.723 Executing VM operation: HandshakeAllThreads done
Event: 23.569 Executing VM operation: G1CollectForAllocation
Event: 23.573 Executing VM operation: G1CollectForAllocation done
Event: 23.587 Executing VM operation: HandshakeAllThreads
Event: 23.587 Executing VM operation: HandshakeAllThreads done
Event: 23.622 Executing VM operation: HandshakeAllThreads
Event: 23.622 Executing VM operation: HandshakeAllThreads done
Event: 23.917 Executing VM operation: G1CollectForAllocation
Event: 23.924 Executing VM operation: G1CollectForAllocation done
Event: 24.022 Executing VM operation: G1Concurrent
Event: 24.026 Executing VM operation: G1Concurrent done
Event: 24.065 Executing VM operation: G1Concurrent
Event: 24.065 Executing VM operation: G1Concurrent done
Event: 24.608 Executing VM operation: G1CollectForAllocation
Event: 24.617 Executing VM operation: G1CollectForAllocation done

Events (20 events):
Event: 23.630 loading class java/security/cert/CertPathValidatorException$BasicReason
Event: 23.631 loading class java/security/cert/CertPathValidatorException$Reason
Event: 23.631 loading class java/security/cert/CertPathValidatorException$Reason done
Event: 23.631 loading class java/security/cert/CertPathValidatorException$BasicReason done
Event: 23.673 loading class java/util/Base64
Event: 23.674 loading class java/util/Base64 done
Event: 23.674 loading class java/util/Base64$Decoder
Event: 23.674 loading class java/util/Base64$Decoder done
Event: 23.674 loading class java/util/Base64$Encoder
Event: 23.674 loading class java/util/Base64$Encoder done
Event: 23.675 loading class java/util/jar/JarVerifier$VerifierStream
Event: 23.676 loading class java/util/jar/JarVerifier$VerifierStream done
Event: 23.676 loading class sun/security/util/ManifestEntryVerifier$SunProviderHolder
Event: 23.676 loading class sun/security/util/ManifestEntryVerifier$SunProviderHolder done
Event: 24.798 loading class sun/reflect/annotation/AnnotationInvocationHandler$1
Event: 24.798 loading class sun/reflect/annotation/AnnotationInvocationHandler$1 done
Event: 24.952 loading class jdk/internal/vm/annotation/ForceInline
Event: 24.952 loading class jdk/internal/vm/annotation/ForceInline done
Event: 25.056 loading class java/util/regex/Pattern$Caret
Event: 25.056 loading class java/util/regex/Pattern$Caret done


Dynamic libraries:
0x00007ff7b4580000 - 0x00007ff7b458a000 	C:\Program Files\Android\Android Studio\jbr\bin\java.exe
0x00007ffd86ef0000 - 0x00007ffd870e8000 	C:\Windows\SYSTEM32\ntdll.dll
0x00007ffd84f20000 - 0x00007ffd84fdd000 	C:\Windows\System32\KERNEL32.DLL
0x00007ffd84630000 - 0x00007ffd84926000 	C:\Windows\System32\KERNELBASE.dll
0x00007ffd84ca0000 - 0x00007ffd84da0000 	C:\Windows\System32\ucrtbase.dll
0x00007ffd4b790000 - 0x00007ffd4b7a7000 	C:\Program Files\Android\Android Studio\jbr\bin\jli.dll
0x00007ffd79ce0000 - 0x00007ffd79cfb000 	C:\Program Files\Android\Android Studio\jbr\bin\VCRUNTIME140.dll
0x00007ffd86cf0000 - 0x00007ffd86e8f000 	C:\Windows\System32\USER32.dll
0x00007ffd849a0000 - 0x00007ffd849c2000 	C:\Windows\System32\win32u.dll
0x00007ffd86ac0000 - 0x00007ffd86aeb000 	C:\Windows\System32\GDI32.dll
0x00007ffd84b30000 - 0x00007ffd84c47000 	C:\Windows\System32\gdi32full.dll
0x00007ffd6fb40000 - 0x00007ffd6fdda000 	C:\Windows\WinSxS\amd64_microsoft.windows.common-controls_6595b64144ccf1df_6.0.19041.3636_none_60b6a03d71f818d5\COMCTL32.dll
0x00007ffd84da0000 - 0x00007ffd84e3d000 	C:\Windows\System32\msvcp_win.dll
0x00007ffd867b0000 - 0x00007ffd8684e000 	C:\Windows\System32\msvcrt.dll
0x00007ffd85940000 - 0x00007ffd85972000 	C:\Windows\System32\IMM32.DLL
0x00007ffd62bf0000 - 0x00007ffd62bfc000 	C:\Program Files\Android\Android Studio\jbr\bin\vcruntime140_1.dll
0x00007ffd546d0000 - 0x00007ffd5475d000 	C:\Program Files\Android\Android Studio\jbr\bin\msvcp140.dll
0x00007ffd07d30000 - 0x00007ffd0899e000 	C:\Program Files\Android\Android Studio\jbr\bin\server\jvm.dll
0x00007ffd86990000 - 0x00007ffd86a40000 	C:\Windows\System32\ADVAPI32.dll
0x00007ffd86bc0000 - 0x00007ffd86c60000 	C:\Windows\System32\sechost.dll
0x00007ffd857b0000 - 0x00007ffd858d5000 	C:\Windows\System32\RPCRT4.dll
0x00007ffd84e40000 - 0x00007ffd84e67000 	C:\Windows\System32\bcrypt.dll
0x00007ffd63170000 - 0x00007ffd63179000 	C:\Windows\SYSTEM32\WSOCK32.dll
0x00007ffd86c80000 - 0x00007ffd86ceb000 	C:\Windows\System32\WS2_32.dll
0x00007ffd54e20000 - 0x00007ffd54e47000 	C:\Windows\SYSTEM32\WINMM.dll
0x00007ffd7a5c0000 - 0x00007ffd7a5ca000 	C:\Windows\SYSTEM32\VERSION.dll
0x00007ffd82da0000 - 0x00007ffd82db2000 	C:\Windows\SYSTEM32\kernel.appcore.dll
0x00007ffd62ba0000 - 0x00007ffd62baa000 	C:\Program Files\Android\Android Studio\jbr\bin\jimage.dll
0x00007ffd82310000 - 0x00007ffd824f4000 	C:\Windows\SYSTEM32\DBGHELP.DLL
0x00007ffd67620000 - 0x00007ffd67654000 	C:\Windows\SYSTEM32\dbgcore.DLL
0x00007ffd845a0000 - 0x00007ffd84622000 	C:\Windows\System32\bcryptPrimitives.dll
0x00007ffd4baf0000 - 0x00007ffd4bb15000 	C:\Program Files\Android\Android Studio\jbr\bin\java.dll
0x00007ffd4bad0000 - 0x00007ffd4bae8000 	C:\Program Files\Android\Android Studio\jbr\bin\zip.dll
0x00007ffd84fe0000 - 0x00007ffd8574b000 	C:\Windows\System32\SHELL32.dll
0x00007ffd825f0000 - 0x00007ffd82d8e000 	C:\Windows\SYSTEM32\windows.storage.dll
0x00007ffd86290000 - 0x00007ffd865e3000 	C:\Windows\System32\combase.dll
0x00007ffd83f00000 - 0x00007ffd83f2e000 	C:\Windows\SYSTEM32\Wldp.dll
0x00007ffd86af0000 - 0x00007ffd86bbd000 	C:\Windows\System32\OLEAUT32.dll
0x00007ffd86700000 - 0x00007ffd867ad000 	C:\Windows\System32\SHCORE.dll
0x00007ffd86850000 - 0x00007ffd868a5000 	C:\Windows\System32\shlwapi.dll
0x00007ffd844d0000 - 0x00007ffd844f3000 	C:\Windows\SYSTEM32\profapi.dll
0x00007ffd4ba00000 - 0x00007ffd4ba19000 	C:\Program Files\Android\Android Studio\jbr\bin\net.dll
0x00007ffd7bc00000 - 0x00007ffd7bd0a000 	C:\Windows\SYSTEM32\WINHTTP.dll
0x00007ffd83c60000 - 0x00007ffd83cca000 	C:\Windows\system32\mswsock.dll
0x00007ffd4b9e0000 - 0x00007ffd4b9f6000 	C:\Program Files\Android\Android Studio\jbr\bin\nio.dll
0x00007ffd5e740000 - 0x00007ffd5e750000 	C:\Program Files\Android\Android Studio\jbr\bin\verify.dll
0x00007ffd72750000 - 0x00007ffd72777000 	C:\Users\Shailesh Sharma\.gradle\native\c067742578af261105cb4f569cf0c3c89f3d7b1fecec35dd04571415982c5e48\windows-amd64\native-platform.dll
0x00007ffd2c280000 - 0x00007ffd2c3c4000 	C:\Users\Shailesh Sharma\.gradle\native\38dada09dfb8b06ba9b0570ebf7e218e3eb74d4ef43ca46872605cf95ebc2f47\windows-amd64\native-platform-file-events.dll
0x00007ffd5b8d0000 - 0x00007ffd5b8d9000 	C:\Program Files\Android\Android Studio\jbr\bin\management.dll
0x00007ffd5a420000 - 0x00007ffd5a42b000 	C:\Program Files\Android\Android Studio\jbr\bin\management_ext.dll
0x00007ffd86c60000 - 0x00007ffd86c68000 	C:\Windows\System32\PSAPI.DLL
0x00007ffd83e60000 - 0x00007ffd83e78000 	C:\Windows\SYSTEM32\CRYPTSP.dll
0x00007ffd83560000 - 0x00007ffd83594000 	C:\Windows\system32\rsaenh.dll
0x00007ffd84490000 - 0x00007ffd844be000 	C:\Windows\SYSTEM32\USERENV.dll
0x00007ffd83e50000 - 0x00007ffd83e5c000 	C:\Windows\SYSTEM32\CRYPTBASE.dll
0x00007ffd83950000 - 0x00007ffd8398b000 	C:\Windows\SYSTEM32\IPHLPAPI.DLL
0x00007ffd86c70000 - 0x00007ffd86c78000 	C:\Windows\System32\NSI.dll
0x00007ffd7b660000 - 0x00007ffd7b677000 	C:\Windows\SYSTEM32\dhcpcsvc6.DLL
0x00007ffd7bed0000 - 0x00007ffd7beed000 	C:\Windows\SYSTEM32\dhcpcsvc.DLL
0x00007ffd83990000 - 0x00007ffd83a5b000 	C:\Windows\SYSTEM32\DNSAPI.dll
0x00007ffd639a0000 - 0x00007ffd639a7000 	C:\Windows\system32\wshunix.dll
0x00007ffd7cf00000 - 0x00007ffd7cf0a000 	C:\Windows\System32\rasadhlp.dll
0x00007ffd78f20000 - 0x00007ffd78fa0000 	C:\Windows\System32\fwpuclnt.dll

dbghelp: loaded successfully - version: 4.0.5 - missing functions: none
symbol engine: initialized successfully - sym options: 0x614 - pdb path: .;C:\Program Files\Android\Android Studio\jbr\bin;C:\Windows\SYSTEM32;C:\Windows\WinSxS\amd64_microsoft.windows.common-controls_6595b64144ccf1df_6.0.19041.3636_none_60b6a03d71f818d5;C:\Program Files\Android\Android Studio\jbr\bin\server;C:\Users\Shailesh Sharma\.gradle\native\c067742578af261105cb4f569cf0c3c89f3d7b1fecec35dd04571415982c5e48\windows-amd64;C:\Users\Shailesh Sharma\.gradle\native\38dada09dfb8b06ba9b0570ebf7e218e3eb74d4ef43ca46872605cf95ebc2f47\windows-amd64

VM Arguments:
jvm_args: --add-opens=java.base/java.util=ALL-UNNAMED --add-opens=java.base/java.lang=ALL-UNNAMED --add-opens=java.base/java.lang.invoke=ALL-UNNAMED --add-opens=java.prefs/java.util.prefs=ALL-UNNAMED --add-opens=java.base/java.nio.charset=ALL-UNNAMED --add-opens=java.base/java.net=ALL-UNNAMED --add-opens=java.base/java.util.concurrent.atomic=ALL-UNNAMED -Xmx4G -Dfile.encoding=windows-1252 -Duser.country=IN -Duser.language=en -Duser.variant 
java_command: org.gradle.launcher.daemon.bootstrap.GradleDaemon 7.6.3
java_class_path (initial): C:\Users\Shailesh Sharma\.gradle\wrapper\dists\gradle-7.6.3-all\aocdy2d2z8kodnny3rsumj8i8\gradle-7.6.3\lib\gradle-launcher-7.6.3.jar
Launcher Type: SUN_STANDARD

[Global flags]
     intx CICompilerCount                          = 3                                         {product} {ergonomic}
     uint ConcGCThreads                            = 1                                         {product} {ergonomic}
     uint G1ConcRefinementThreads                  = 4                                         {product} {ergonomic}
   size_t G1HeapRegionSize                         = 2097152                                   {product} {ergonomic}
    uintx GCDrainStackTargetSize                   = 64                                        {product} {ergonomic}
   size_t InitialHeapSize                          = 134217728                                 {product} {ergonomic}
   size_t MarkStackSize                            = 4194304                                   {product} {ergonomic}
   size_t MaxHeapSize                              = 4294967296                                {product} {command line}
   size_t MaxNewSize                               = 2575302656                                {product} {ergonomic}
   size_t MinHeapDeltaBytes                        = 2097152                                   {product} {ergonomic}
   size_t MinHeapSize                              = 8388608                                   {product} {ergonomic}
    uintx NonNMethodCodeHeapSize                   = 5832780                                {pd product} {ergonomic}
    uintx NonProfiledCodeHeapSize                  = 122912730                              {pd product} {ergonomic}
    uintx ProfiledCodeHeapSize                     = 122912730                              {pd product} {ergonomic}
    uintx ReservedCodeCacheSize                    = 251658240                              {pd product} {ergonomic}
     bool SegmentedCodeCache                       = true                                      {product} {ergonomic}
   size_t SoftMaxHeapSize                          = 4294967296                             {manageable} {ergonomic}
     bool UseCompressedClassPointers               = true                           {product lp64_product} {ergonomic}
     bool UseCompressedOops                        = true                           {product lp64_product} {ergonomic}
     bool UseG1GC                                  = true                                      {product} {ergonomic}
     bool UseLargePagesIndividualAllocation        = false                                  {pd product} {ergonomic}

Logging:
Log output configuration:
 #0: stdout all=warning uptime,level,tags
 #1: stderr all=off uptime,level,tags

Environment Variables:
JAVA_HOME=C:\Program Files\Android\Android Studio\jbr
CLASSPATH=C:\Users\Shailesh Sharma\StudioProjects\march_27_tasks\android\\gradle\wrapper\gradle-wrapper.jar
PATH=C:\Program Files\Android\Android Studio\jbr\bin;C:\Windows\system32;C:\Windows;C:\Windows\System32\Wbem;C:\Windows\System32\WindowsPowerShell\v1.0\;C:\Windows\System32\OpenSSH\;C:\src\flutter\bin;C:\Program Files\Git\bin;C:\Program Files\Git\cmd;C:\Users\Shailesh Sharma\AppData\Local\Microsoft\WindowsApps;C:\src\flutter\bin;;C:\src\flutter\bin\mingit\cmd
USERNAME=Shailesh Sharma
OS=Windows_NT
PROCESSOR_IDENTIFIER=Intel64 Family 6 Model 142 Stepping 12, GenuineIntel
TMP=C:\Users\SHAILE~1\AppData\Local\Temp
TEMP=C:\Users\SHAILE~1\AppData\Local\Temp


JNI global refs:
JNI global refs: 24, weak refs: 4

JNI global refs memory usage: 843, weak refs: 841


---------------  S Y S T E M  ---------------

OS:
 Windows 10 , 64 bit Build 19041 (10.0.19041.3636)
OS uptime: 3 days 14:09 hours
Hyper-V role detected

CPU: total 4 (initial active 4) (2 cores per cpu, 2 threads per core) family 6 model 142 stepping 12 microcode 0xea, cx8, cmov, fxsr, ht, mmx, 3dnowpref, sse, sse2, sse3, ssse3, sse4.1, sse4.2, popcnt, lzcnt, tsc, tscinvbit, avx, avx2, aes, erms, clmul, bmi1, bmi2, adx, fma, vzeroupper, clflush, clflushopt, hv

Memory: 4k page, system-wide physical 8072M (89M free)
TotalPageFile size 32648M (AvailPageFile size 5M)
current process WorkingSet (physical memory assigned to process): 317M, peak: 317M
current process commit charge ("private bytes"): 357M, peak: 358M

vm_info: OpenJDK 64-Bit Server VM (17.0.6+0-b2043.56-10027231) for windows-amd64 JRE (17.0.6+0-b2043.56-10027231), built on Apr 28 2023 00:43:19 by "androidbuild" with MS VC++ 16.10 / 16.11 (VS2019)

END.
